C51 COMPILER V9.01   电子肺活量检瞋仪                                                      04/02/2013 13:50:15 PAGE 1   


C51 COMPILER V9.01, COMPILATION OF MODULE 电子肺活量检瞋仪
OBJECT MODULE PLACED IN 电子肺活量检测仪.OBJ
COMPILER INVOKED BY: E:\Program Files (x86)\Keil\C51\BIN\C51.EXE 电子肺活量检测仪.c BROWSE DEBUG OBJECTEXTEND

line level    source

   1          
   2          
   3          #include "STC12C5A60S2.H"
   4          #include "global.h"
   5          #include "LCD1602.h"
   6          #include "WTV020_SD.h"
   7          #include "ADC.H"
   8          #include "Transform.H"
   9          #include "KeyScan.H"
  10          
  11          
  12          
  13          void  Main(void) 
  14          {               
  15   1      //      uchar temp_a, temp_b, temp_c, temp_d;
  16   1              uchar i;
  17   1              P0M0 = 0x03;
  18   1              P0M1 = 0x03;
  19   1              LCD1602Init();
  20   1              
  21   1              Transform_Init();        
  22   1                      
  23   1              led = 1;
  24   1              DisplayListChar(0, 0, " Welcome to Use ");
  25   1              DisplayListChar(0, 1, "   VC  Tester   ");
  26   1              for (i = 0; i < 102; i ++)
  27   1              {
  28   2                      Save[i] = 0;
  29   2              }
  30   1              delay2s();
  31   1              WTV020_SPI(0, 0x20);
  32   1              
  33   1      
  34   1              while (1)
  35   1              {
  36   2                      Key_Scan();
  37   2              }
  38   1      }
  39          


MODULE INFORMATION:   STATIC OVERLAYABLE
   CODE SIZE        =   3338    ----
   CONSTANT SIZE    =    170    ----
   XDATA SIZE       =    204    ----
   PDATA SIZE       =   ----    ----
   DATA SIZE        =     18      23
   IDATA SIZE       =   ----    ----
   BIT SIZE         =      1       1
END OF MODULE INFORMATION.


C51 COMPILATION COMPLETE.  0 WARNING(S),  0 ERROR(S)
