###############################################################################
#
# IAR ELF Linker V2.20.1.176 for STM8                     15/May/2019  10:20:29
# Copyright 2010-2015 IAR Systems AB.
#
#    Output file  =  E:\work\gitspirometer\ADC\Debug\Exe\STM8.out
#    Map file     =  E:\work\gitspirometer\ADC\Debug\List\STM8.map
#    Command line =  
#        E:\work\gitspirometer\ADC\Debug\Obj\adc.o
#        E:\work\gitspirometer\ADC\Debug\Obj\com.o
#        E:\work\gitspirometer\ADC\Debug\Obj\IIC.o
#        E:\work\gitspirometer\ADC\Debug\Obj\main.o
#        E:\work\gitspirometer\ADC\Debug\Obj\stm8l15x_adc.o
#        E:\work\gitspirometer\ADC\Debug\Obj\stm8l15x_clk.o
#        E:\work\gitspirometer\ADC\Debug\Obj\stm8l15x_dma.o
#        E:\work\gitspirometer\ADC\Debug\Obj\stm8l15x_gpio.o
#        E:\work\gitspirometer\ADC\Debug\Obj\stm8l15x_i2c.o
#        E:\work\gitspirometer\ADC\Debug\Obj\stm8l15x_it.o
#        E:\work\gitspirometer\ADC\Debug\Obj\stm8l15x_syscfg.o
#        E:\work\gitspirometer\ADC\Debug\Obj\stm8l15x_tim2.o
#        E:\work\gitspirometer\ADC\Debug\Obj\stm8l15x_usart.o
#        E:\work\gitspirometer\ADC\Debug\Obj\tim2.o
#        E:\work\gitspirometer\ADC\Debug\Obj\Uart.o --redirect
#        _Printf=_PrintfSmall --redirect _Scanf=_ScanfSmall -o
#        E:\work\gitspirometer\ADC\Debug\Exe\STM8.out --map
#        E:\work\gitspirometer\ADC\Debug\List\STM8.map --config "C:\Program
#        Files (x86)\IAR Systems\Embedded Workbench
#        7.3\stm8\config\lnkstm8l151c8.icf" --config_def _CSTACK_SIZE=0x100
#        --config_def _HEAP_SIZE=0x100 --entry __iar_program_start --debug_lib
#
###############################################################################

*******************************************************************************
*** RUNTIME MODEL ATTRIBUTES
***

__Heap_Handler             = Basic
__SystemLibrary            = DLib
__code_model               = small
__core                     = stm8
__data_model               = medium
__dlib_file_descriptor     = 1
__dlib_full_locale_support = 1
__rt_version               = 4


*******************************************************************************
*** PLACEMENT SUMMARY
***

"A1":  place at start of [0x000000-0x0000ff] { rw section .vregs };
"A2":  place at end of [0x000000-0x000fff] { block CSTACK };
"P2":  place in [from 0x000000 to 0x000fff] {
          block HEAP, rw section __DLIB_PERTHREAD, rw section .far.bss,
          rw section .far.data, rw section .far.noinit,
          rw section .far_func.textrw, rw section .huge.bss,
          rw section .huge.data, rw section .huge.noinit,
          rw section .huge_func.textrw, rw section .iar.dynexit,
          rw section .near.bss, rw section .near.data, rw section .near.noinit,
          rw section .near_func.textrw };
"A3":  place at start of [0x008000-0x00ffff] { block INTVEC };
"P3":  place in [from 0x008000 to 0x00ffff] {
          ro section __DLIB_PERTHREAD_init, ro section .far.data_init,
          ro section .far_func.textrw_init, ro section .huge.data_init,
          ro section .huge_func.textrw_init, ro section .iar.init_table,
          ro section .init_array, ro section .near.data_init,
          ro section .near.rodata, ro section .near_func.text,
          ro section .near_func.textrw_init, ro section .tiny.data_init,
          ro section .tiny.rodata_init };

  Section          Kind      Address    Size  Object
  -------          ----      -------    ----  ------
"A1":                                   0x10
  .vregs           uninit   0x000000    0x10  vregs.o [4]
                          - 0x000010    0x10

"P2":                                  0x395
  .near.bss        zero     0x000010   0x190  adc.o [1]
  .near.bss        zero     0x0001a0    0xff  IIC.o [1]
  .near.bss        zero     0x00029f    0xff  Uart.o [1]
  .near.bss        zero     0x00039e     0x2  errno.o [4]
  .near.bss        zero     0x0003a0     0x1  adc.o [1]
  .near.bss        zero     0x0003a1     0x1  adc.o [1]
  .near.bss        zero     0x0003a2     0x1  IIC.o [1]
  .near.bss        zero     0x0003a3     0x1  IIC.o [1]
  .near.bss        zero     0x0003a4     0x1  Uart.o [1]
                          - 0x0003a5   0x395

"A2":                                  0x100
  CSTACK                    0x000f00   0x100  <Block>
    CSTACK         uninit   0x000f00   0x100  <Block tail>
                          - 0x001000   0x100

"A3":                                   0x80
  INTVEC                    0x008000    0x80  <Block>
    .intvec        const    0x008000    0x80  interrupt.o [4]
                          - 0x008080    0x80

"P3":                                 0x1732
  .near_func.text  ro code  0x008080   0x421  float.o [4]
  .near.rodata     const    0x0084a1   0x190  main.o [1]
  .near_func.text  ro code  0x008631   0x161  float_libsup.o [4]
  .near_func.text  ro code  0x008792   0x140  long.o [4]
  .near_func.text  ro code  0x0088d2   0x10c  vreg_util.o [4]
  .near_func.text  ro code  0x0089de    0xf2  main.o [1]
  .near_func.text  ro code  0x008ad0    0xe3  sqrt.o [4]
  .near_func.text  ro code  0x008bb3    0xce  stm8l15x_usart.o [1]
  .near_func.text  ro code  0x008c81    0xb6  adc.o [1]
  .near_func.text  ro code  0x008d37    0xaf  stm8l15x_gpio.o [1]
  .near_func.text  ro code  0x008de6    0x99  stm8l15x_it.o [1]
  .near_func.text  ro code  0x008e7f    0x94  stm8l15x_usart.o [1]
  .near_func.text  ro code  0x008f13    0x89  stm8l15x_clk.o [1]
  .near_func.text  ro code  0x008f9c    0x7f  stm8l15x_adc.o [1]
  .near_func.text  ro code  0x00901b    0x72  stm8l15x_clk.o [1]
  .near_func.text  ro code  0x00908d    0x65  stm8l15x_tim2.o [1]
  .near_func.text  ro code  0x0090f2    0x57  long_util.o [4]
  .near_func.text  ro code  0x009149    0x56  Uart.o [1]
  .near_func.text  ro code  0x00919f    0x55  stm8l15x_syscfg.o [1]
  .near_func.text  ro code  0x0091f4    0x4f  stm8l15x_adc.o [1]
  .near_func.text  ro code  0x009243    0x4c  stm8l15x_adc.o [1]
  .near_func.text  ro code  0x00928f    0x49  main.o [1]
  .near_func.text  ro code  0x0092d8    0x48  stm8l15x_it.o [1]
  .near_func.text  ro code  0x009320    0x46  adc.o [1]
  .near_func.text  ro code  0x009366    0x45  stm8l15x_it.o [1]
  .near_func.text  ro code  0x0093ab    0x44  stm8l15x_dma.o [1]
  .near_func.text  ro code  0x0093ef    0x44  short.o [4]
  .near_func.text  ro code  0x009433    0x3d  adc.o [1]
  .near_func.text  ro code  0x009470    0x38  tim2.o [1]
  .near_func.text  ro code  0x0094a8    0x2f  stm8l15x_adc.o [1]
  .near_func.text  ro code  0x0094d7    0x2c  stm8l15x_gpio.o [1]
  .near_func.text  ro code  0x009503    0x2b  stm8l15x_adc.o [1]
  .near_func.text  ro code  0x00952e    0x27  stm8l15x_usart.o [1]
  .near_func.text  ro code  0x009555    0x26  main.o [1]
  .near_func.text  ro code  0x00957b    0x25  memcpy.o [4]
  .near_func.text  ro code  0x0095a0    0x24  stm8l15x_tim2.o [1]
  .near_func.text  ro code  0x0095c4    0x22  stm8l15x_usart.o [1]
  .iar.init_table  const    0x0095e6     0x8  - Linker created -
  .near_func.text  ro code  0x0095ee    0x1f  move.o [4]
  .near_func.text  ro code  0x00960d    0x1e  init_small.o [4]
  .near_func.text  ro code  0x00962b    0x19  stm8l15x_adc.o [1]
  .near.rodata     const    0x009644    0x18  main.o [1]
  .near_func.text  ro code  0x00965c    0x18  stm8l15x_it.o [1]
  .near_func.text  ro code  0x009674    0x18  dc_util.o [4]
  .near_func.text  ro code  0x00968c    0x17  init.o [4]
  .near_func.text  ro code  0x0096a3    0x16  main.o [1]
  .near_func.text  ro code  0x0096b9    0x15  Uart.o [1]
  .near_func.text  ro code  0x0096ce    0x14  __dbg_xxexit.o [3]
  .near_func.text  ro code  0x0096e2    0x13  stm8l15x_tim2.o [1]
  .near_func.text  ro code  0x0096f5    0x13  cstartup.o [4]
  .near_func.text  ro code  0x009708     0xf  main.o [1]
  .near_func.text  ro code  0x009717     0xd  stm8l15x_adc.o [1]
  .near_func.text  ro code  0x009724     0xd  stm8l15x_clk.o [1]
  .near_func.text  ro code  0x009731     0xd  stm8l15x_tim2.o [1]
  .near_func.text  ro code  0x00973e     0xd  stm8l15x_tim2.o [1]
  .near_func.text  ro code  0x00974b     0x9  stm8l15x_adc.o [1]
  .near_func.text  ro code  0x009754     0x8  stm8l15x_usart.o [1]
  .near.rodata     const    0x00975c     0x5  stm8l15x_clk.o [1]
  .near_func.text  ro code  0x009761     0x5  stm8l15x_adc.o [1]
  .near_func.text  ro code  0x009766     0x5  stm8l15x_tim2.o [1]
  .near_func.text  ro code  0x00976b     0x5  stm8l15x_usart.o [1]
  .near_func.text  ro code  0x009770     0x5  stm8l15x_usart.o [1]
  .near_func.text  ro code  0x009775     0x5  char.o [4]
  .near_func.text  ro code  0x00977a     0x5  cexit.o [4]
  .near_func.text  ro code  0x00977f     0x4  stm8l15x_clk.o [1]
  .near_func.text  ro code  0x009783     0x4  stm8l15x_clk.o [1]
  .near_func.text  ro code  0x009787     0x4  stm8l15x_clk.o [1]
  .near_func.text  ro code  0x00978b     0x3  interrupt.o [4]
  .near_func.text  ro code  0x00978e     0x3  low_level_init.o [4]
  .near_func.text  ro code  0x009791     0x3  exit.o [4]
  .near_func.text  ro code  0x009794     0x3  unhandled_exception.o [4]
  .near_func.text  ro code  0x009797     0x1  stm8l15x_it.o [1]
  .near_func.text  ro code  0x009798     0x1  stm8l15x_it.o [1]
  .near_func.text  ro code  0x009799     0x1  stm8l15x_it.o [1]
  .near_func.text  ro code  0x00979a     0x1  stm8l15x_it.o [1]
  .near_func.text  ro code  0x00979b     0x1  stm8l15x_it.o [1]
  .near_func.text  ro code  0x00979c     0x1  stm8l15x_it.o [1]
  .near_func.text  ro code  0x00979d     0x1  stm8l15x_it.o [1]
  .near_func.text  ro code  0x00979e     0x1  stm8l15x_it.o [1]
  .near_func.text  ro code  0x00979f     0x1  stm8l15x_it.o [1]
  .near_func.text  ro code  0x0097a0     0x1  stm8l15x_it.o [1]
  .near_func.text  ro code  0x0097a1     0x1  stm8l15x_it.o [1]
  .near_func.text  ro code  0x0097a2     0x1  stm8l15x_it.o [1]
  .near_func.text  ro code  0x0097a3     0x1  stm8l15x_it.o [1]
  .near_func.text  ro code  0x0097a4     0x1  stm8l15x_it.o [1]
  .near_func.text  ro code  0x0097a5     0x1  stm8l15x_it.o [1]
  .near_func.text  ro code  0x0097a6     0x1  stm8l15x_it.o [1]
  .near_func.text  ro code  0x0097a7     0x1  stm8l15x_it.o [1]
  .near_func.text  ro code  0x0097a8     0x1  stm8l15x_it.o [1]
  .near_func.text  ro code  0x0097a9     0x1  stm8l15x_it.o [1]
  .near_func.text  ro code  0x0097aa     0x1  stm8l15x_it.o [1]
  .near_func.text  ro code  0x0097ab     0x1  stm8l15x_it.o [1]
  .near_func.text  ro code  0x0097ac     0x1  stm8l15x_it.o [1]
  .near_func.text  ro code  0x0097ad     0x1  stm8l15x_it.o [1]
  .near_func.text  ro code  0x0097ae     0x1  stm8l15x_it.o [1]
  .near_func.text  ro code  0x0097af     0x1  stm8l15x_it.o [1]
  .near_func.text  ro code  0x0097b0     0x1  stm8l15x_it.o [1]
  .near_func.text  ro code  0x0097b1     0x1  __dbg_break.o [3]
                          - 0x0097b2  0x1732


*******************************************************************************
*** INIT TABLE
***

          Address   Size
          -------   ----
Zero (__iar_zero_init2)
    1 destination range, total size 0x395:
          0x000010  0x395



*******************************************************************************
*** MODULE SUMMARY
***

    Module                 ro code  ro data  rw data
    ------                 -------  -------  -------
E:\work\gitspirometer\ADC\Debug\Obj: [1]
    IIC.o                                        257
    Uart.o                     107               256
    adc.o                      313               402
    main.o                     390      424
    stm8l15x_adc.o             424
    stm8l15x_clk.o             276        5
    stm8l15x_dma.o              68
    stm8l15x_gpio.o            219
    stm8l15x_it.o              344
    stm8l15x_syscfg.o           85
    stm8l15x_tim2.o            187
    stm8l15x_usart.o           445
    tim2.o                      56
    ------------------------------------------------
    Total:                   2 914      429      915

command line: [2]
    ------------------------------------------------
    Total:

dbgstm8smd.a: [3]
    __dbg_break.o                1
    __dbg_xxexit.o              20
    ------------------------------------------------
    Total:                      21

dlstm8smf.a: [4]
    cexit.o                      5
    char.o                       5
    cstartup.o                  19
    dc_util.o                   24
    errno.o                                        2
    exit.o                       3
    float.o                  1 057
    float_libsup.o             353
    init.o                      23
    init_small.o                30
    interrupt.o                  3      128
    long.o                     320
    long_util.o                 87
    low_level_init.o             3
    memcpy.o                    37
    move.o                      31
    short.o                     68
    sqrt.o                     227
    unhandled_exception.o        3
    vreg_util.o                268
    vregs.o                                       16
    ------------------------------------------------
    Total:                   2 566      128       18

    Linker created                        8      256
----------------------------------------------------
    Grand Total:             5 501      565    1 189


*******************************************************************************
*** ENTRY LIST
***

Entry                    Address   Size  Type      Object
-----                    -------   ----  ----      ------
.iar.init_table$$Base   0x0095e6          --   Gb  - Linker created -
.iar.init_table$$Limit  0x0095ee          --   Gb  - Linker created -
?add32_l0_l0_0x         0x00879a         Code  Gb  long.o [4]
?add32_l0_l0_dl         0x008792         Code  Gb  long.o [4]
?add32_l0_l0_l1         0x008797         Code  Gb  long.o [4]
?b0                     0x000000         Data  Gb  vregs.o [4]
?b1                     0x000001         Data  Gb  vregs.o [4]
?b10                    0x00000a         Data  Gb  vregs.o [4]
?b11                    0x00000b         Data  Gb  vregs.o [4]
?b12                    0x00000c         Data  Gb  vregs.o [4]
?b13                    0x00000d         Data  Gb  vregs.o [4]
?b14                    0x00000e         Data  Gb  vregs.o [4]
?b15                    0x00000f         Data  Gb  vregs.o [4]
?b2                     0x000002         Data  Gb  vregs.o [4]
?b3                     0x000003         Data  Gb  vregs.o [4]
?b4                     0x000004         Data  Gb  vregs.o [4]
?b5                     0x000005         Data  Gb  vregs.o [4]
?b6                     0x000006         Data  Gb  vregs.o [4]
?b7                     0x000007         Data  Gb  vregs.o [4]
?b8                     0x000008         Data  Gb  vregs.o [4]
?b9                     0x000009         Data  Gb  vregs.o [4]
?dc32_l1                0x009674         Code  Gb  dc_util.o [4]
?dc32_px                0x009681         Code  Gb  dc_util.o [4]
?e0                     0x000001         Data  Gb  vregs.o [4]
?e1                     0x000005         Data  Gb  vregs.o [4]
?e2                     0x000009         Data  Gb  vregs.o [4]
?e3                     0x00000d         Data  Gb  vregs.o [4]
?epilogue_l2            0x00896d         Code  Gb  vreg_util.o [4]
?epilogue_l2_l3         0x00896a         Code  Gb  vreg_util.o [4]
?epilogue_w4            0x008971         Code  Gb  vreg_util.o [4]
?fadd32_l0_l0_dc32      0x0080a3         Code  Gb  float.o [4]
?fadd32_l0_l0_l1        0x0080a8         Code  Gb  float.o [4]
?fcastf32u16_l0_x       0x0082c4         Code  Gb  float.o [4]
?fcastf32u32_l0_l0      0x008367         Code  Gb  float.o [4]
?fcasts16f32_x_l0       0x0082e2         Code  Gb  float.o [4]
?fcastu32f32_l0_l0      0x008317         Code  Gb  float.o [4]
?fdiv32_l0_l0_l1        0x008216         Code  Gb  float.o [4]
?fmul32_l0_l0_dc32      0x008176         Code  Gb  float.o [4]
?fmul32_l0_l0_l1        0x00817b         Code  Gb  float.o [4]
?fsub32_l0_l0_l1        0x00809d         Code  Gb  float.o [4]
?l0                     0x000000         Data  Gb  vregs.o [4]
?l1                     0x000004         Data  Gb  vregs.o [4]
?l2                     0x000008         Data  Gb  vregs.o [4]
?l3                     0x00000c         Data  Gb  vregs.o [4]
?load32_0x_l0           0x00913b         Code  Gb  long_util.o [4]
?load32_asp_l0          0x00912f         Code  Gb  long_util.o [4]
?load32_dbsp_l0         0x00912a         Code  Gb  long_util.o [4]
?load32_l0_0x           0x009102         Code  Gb  long_util.o [4]
?load32_l0_asp          0x0090f7         Code  Gb  long_util.o [4]
?load32_l0_dbsp         0x0090f2         Code  Gb  long_util.o [4]
?load32_l0_xsp          0x0090f9         Code  Gb  long_util.o [4]
?load32_l1_0x           0x00911e         Code  Gb  long_util.o [4]
?load32_l1_asp          0x009113         Code  Gb  long_util.o [4]
?load32_l1_dbsp         0x00910e         Code  Gb  long_util.o [4]
?load32_l1_xsp          0x009115         Code  Gb  long_util.o [4]
?load32_xsp_l0          0x009131         Code  Gb  long_util.o [4]
?mov_e0_e1              0x00897f         Code  Gb  vreg_util.o [4]
?mov_e0_e2              0x00898c         Code  Gb  vreg_util.o [4]
?mov_e1_e0              0x0089a0         Code  Gb  vreg_util.o [4]
?mov_e1_e2              0x0089ad         Code  Gb  vreg_util.o [4]
?mov_e1_e3              0x0089ba         Code  Gb  vreg_util.o [4]
?mov_e2_e0              0x0089c7         Code  Gb  vreg_util.o [4]
?mov_e3_e0              0x0089d4         Code  Gb  vreg_util.o [4]
?mov_l0_l1              0x00897c         Code  Gb  vreg_util.o [4]
?mov_l0_l2              0x008989         Code  Gb  vreg_util.o [4]
?mov_l1_l0              0x00899d         Code  Gb  vreg_util.o [4]
?mov_l1_l2              0x0089aa         Code  Gb  vreg_util.o [4]
?mov_l1_l3              0x0089b7         Code  Gb  vreg_util.o [4]
?mov_l2_l0              0x0089c4         Code  Gb  vreg_util.o [4]
?mov_l3_l0              0x0089d1         Code  Gb  vreg_util.o [4]
?mov_w1_w3              0x008982         Code  Gb  vreg_util.o [4]
?mov_w1_w5              0x00898f         Code  Gb  vreg_util.o [4]
?mov_w1_w7              0x008996         Code  Gb  vreg_util.o [4]
?mov_w2_w1              0x008975         Code  Gb  vreg_util.o [4]
?mov_w3_w1              0x0089a3         Code  Gb  vreg_util.o [4]
?mov_w3_w5              0x0089b0         Code  Gb  vreg_util.o [4]
?mov_w3_w7              0x0089bd         Code  Gb  vreg_util.o [4]
?mov_w5_w1              0x0089ca         Code  Gb  vreg_util.o [4]
?mov_w7_w1              0x0089d7         Code  Gb  vreg_util.o [4]
?move1616_v_x_y_a       0x009600         Code  Gb  move.o [4]
?move1616_v_x_y_tos16   0x0095ee         Code  Gb  move.o [4]
?mul16_x_x_w0           0x0093ef         Code  Gb  short.o [4]
?mul32_l0_l0_0x         0x0087d0         Code  Gb  long.o [4]
?mul32_l0_l0_dl         0x0087cd         Code  Gb  long.o [4]
?mul32_l0_l0_l1         0x0087d9         Code  Gb  long.o [4]
?pop_l0                 0x008936         Code  Gb  vreg_util.o [4]
?pop_l1                 0x008941         Code  Gb  vreg_util.o [4]
?pop_l2                 0x00894c         Code  Gb  vreg_util.o [4]
?pop_l3                 0x008957         Code  Gb  vreg_util.o [4]
?pop_w0                 0x0088ef         Code  Gb  vreg_util.o [4]
?pop_w4                 0x0088f6         Code  Gb  vreg_util.o [4]
?push_l0                0x008905         Code  Gb  vreg_util.o [4]
?push_l1                0x00890a         Code  Gb  vreg_util.o [4]
?push_l2                0x00890f         Code  Gb  vreg_util.o [4]
?push_l3                0x008914         Code  Gb  vreg_util.o [4]
?push_w0                0x0088d2         Code  Gb  vreg_util.o [4]
?push_w4                0x0088d7         Code  Gb  vreg_util.o [4]
?sdiv16_x_x_y           0x00940d         Code  Gb  short.o [4]
?sext32_l0_x            0x0088c7         Code  Gb  long.o [4]
?sll16_x_x_a            0x009426         Code  Gb  short.o [4]
?sll8_a_a_5             0x009775         Code  Gb  char.o [4]
?srl16_x_x_4            0x00942e         Code  Gb  short.o [4]
?sub32_l0_l0_0x         0x0087b5         Code  Gb  long.o [4]
?sub32_l0_l0_l1         0x0087b2         Code  Gb  long.o [4]
?udiv32_l0_l0_dl        0x008857         Code  Gb  long.o [4]
?udiv32_l0_l0_l1        0x00885a         Code  Gb  long.o [4]
?umod32_l1_l0_l1        0x00885a         Code  Gb  long.o [4]
?w0                     0x000000         Data  Gb  vregs.o [4]
?w1                     0x000002         Data  Gb  vregs.o [4]
?w2                     0x000004         Data  Gb  vregs.o [4]
?w3                     0x000006         Data  Gb  vregs.o [4]
?w4                     0x000008         Data  Gb  vregs.o [4]
?w5                     0x00000a         Data  Gb  vregs.o [4]
?w6                     0x00000c         Data  Gb  vregs.o [4]
?w7                     0x00000e         Data  Gb  vregs.o [4]
ADC1_COMP_IRQHandler    0x0097a8    0x1  Code  Gb  stm8l15x_it.o [1]
ADCBuffer               0x000010  0x190  Data  Gb  adc.o [1]
ADCCount                0x0003a0    0x1  Data  Gb  adc.o [1]
ADCOverFlag             0x0003a1    0x1  Data  Gb  adc.o [1]
ADC_ChannelCmd          0x0091f4   0x4f  Code  Gb  stm8l15x_adc.o [1]
ADC_ClearFlag           0x00974b    0x9  Code  Gb  stm8l15x_adc.o [1]
ADC_Cmd                 0x009717    0xd  Code  Gb  stm8l15x_adc.o [1]
ADC_DeInit              0x008f9c   0x7f  Code  Gb  stm8l15x_adc.o [1]
ADC_GetConversionValue  0x009503   0x2b  Code  Gb  stm8l15x_adc.o [1]
ADC_GetFlagStatus       0x00962b   0x19  Code  Gb  stm8l15x_adc.o [1]
ADC_Init                0x0094a8   0x2f  Code  Gb  stm8l15x_adc.o [1]
ADC_SamplingTimeConfig  0x009243   0x4c  Code  Gb  stm8l15x_adc.o [1]
ADC_SoftwareStartConv   0x009761    0x5  Code  Gb  stm8l15x_adc.o [1]
CLK_GetClockFreq        0x00901b   0x72  Code  Gb  stm8l15x_clk.o [1]
CLK_GetSYSCLKSource     0x009783    0x4  Code  Gb  stm8l15x_clk.o [1]
CLK_PeripheralClockConfig
                        0x008f13   0x89  Code  Gb  stm8l15x_clk.o [1]
CLK_SYSCLKDivConfig     0x009787    0x4  Code  Gb  stm8l15x_clk.o [1]
CLK_SYSCLKSourceConfig  0x00977f    0x4  Code  Gb  stm8l15x_clk.o [1]
CLK_SYSCLKSourceSwitchCmd
                        0x009724    0xd  Code  Gb  stm8l15x_clk.o [1]
CSTACK$$Base            0x000f00          --   Gb  - Linker created -
CSTACK$$Limit           0x001000          --   Gb  - Linker created -
Calculate_Lung_Capacity
                        0x0089de   0xf2  Code  Gb  main.o [1]
DMA1_CHANNEL0_1_IRQHandler
                        0x00965c   0x18  Code  Gb  stm8l15x_it.o [1]
DMA1_CHANNEL2_3_IRQHandler
                        0x009799    0x1  Code  Gb  stm8l15x_it.o [1]
DMA_ClearITPendingBit   0x0093ab   0x44  Code  Gb  stm8l15x_dma.o [1]
EXTI0_IRQHandler        0x00979e    0x1  Code  Gb  stm8l15x_it.o [1]
EXTI1_IRQHandler        0x00979f    0x1  Code  Gb  stm8l15x_it.o [1]
EXTI2_IRQHandler        0x0097a0    0x1  Code  Gb  stm8l15x_it.o [1]
EXTI3_IRQHandler        0x0097a1    0x1  Code  Gb  stm8l15x_it.o [1]
EXTI4_IRQHandler        0x0097a2    0x1  Code  Gb  stm8l15x_it.o [1]
EXTI5_IRQHandler        0x0097a3    0x1  Code  Gb  stm8l15x_it.o [1]
EXTI6_IRQHandler        0x0097a4    0x1  Code  Gb  stm8l15x_it.o [1]
EXTI7_IRQHandler        0x0097a5    0x1  Code  Gb  stm8l15x_it.o [1]
EXTIB_G_IRQHandler      0x00979c    0x1  Code  Gb  stm8l15x_it.o [1]
EXTID_H_IRQHandler      0x00979d    0x1  Code  Gb  stm8l15x_it.o [1]
EXTIE_F_PVD_IRQHandler  0x00979b    0x1  Code  Gb  stm8l15x_it.o [1]
FLASH_IRQHandler        0x009798    0x1  Code  Gb  stm8l15x_it.o [1]
FLOAT_test              0x009555   0x26  Code  Gb  main.o [1]
GPIO_ExternalPullUpConfig
                        0x0094d7   0x2c  Code  Gb  stm8l15x_gpio.o [1]
GPIO_Init               0x008d37   0xaf  Code  Gb  stm8l15x_gpio.o [1]
GetValue_ADC            0x008c81   0xb6  Code  Gb  adc.o [1]
GetVotage_ADC           0x009433   0x3d  Code  Gb  adc.o [1]
HardWare_Init           0x009708    0xf  Code  Gb  main.o [1]
I2C1_SPI2_IRQHandler    0x008de6   0x99  Code  Gb  stm8l15x_it.o [1]
IICOverFlag             0x0003a3    0x1  Data  Gb  IIC.o [1]
INTVEC$$Base            0x008000          --   Gb  - Linker created -
INTVEC$$Limit           0x008080          --   Gb  - Linker created -
Init_ADC                0x009320   0x46  Code  Gb  adc.o [1]
Init_USART1             0x009149   0x56  Code  Gb  Uart.o [1]
LCD_AES_IRQHandler      0x0097a6    0x1  Code  Gb  stm8l15x_it.o [1]
RTC_CSSLSE_IRQHandler   0x00979a    0x1  Code  Gb  stm8l15x_it.o [1]
Region$$Table$$Base     0x0095e6          --   Gb  - Linker created -
Region$$Table$$Limit    0x0095ee          --   Gb  - Linker created -
Rx_Idx                  0x0003a2    0x1  Data  Gb  IIC.o [1]
SPI1_IRQHandler         0x0097af    0x1  Code  Gb  stm8l15x_it.o [1]
SWITCH_CSS_BREAK_DAC_IRQHandler
                        0x0097a7    0x1  Code  Gb  stm8l15x_it.o [1]
SYSCFG_REMAPPinConfig   0x00919f   0x55  Code  Gb  stm8l15x_syscfg.o [1]
SYSDivFactor            0x00975c    0x5  Data  Gb  stm8l15x_clk.o [1]
Slave_Buffer_Rx         0x0001a0   0xff  Data  Gb  IIC.o [1]
TIM1_CC_IRQHandler      0x0097ad    0x1  Code  Gb  stm8l15x_it.o [1]
TIM1_UPD_OVF_TRG_COM_IRQHandler
                        0x0097ac    0x1  Code  Gb  stm8l15x_it.o [1]
TIM2_ARRPreloadConfig   0x009731    0xd  Code  Gb  stm8l15x_tim2.o [1]
TIM2_CC_USART2_RX_IRQHandler
                        0x0097a9    0x1  Code  Gb  stm8l15x_it.o [1]
TIM2_ClearITPendingBit  0x009766    0x5  Code  Gb  stm8l15x_tim2.o [1]
TIM2_Cmd                0x00973e    0xd  Code  Gb  stm8l15x_tim2.o [1]
TIM2_DeInit             0x00908d   0x65  Code  Gb  stm8l15x_tim2.o [1]
TIM2_ITConfig           0x0096e2   0x13  Code  Gb  stm8l15x_tim2.o [1]
TIM2_TimeBaseInit       0x0095a0   0x24  Code  Gb  stm8l15x_tim2.o [1]
TIM2_UPD_OVF_TRG_BRK_USART2_TX_IRQHandler
                        0x0092d8   0x48  Code  Gb  stm8l15x_it.o [1]
TIM3_CC_USART3_RX_IRQHandler
                        0x0097ab    0x1  Code  Gb  stm8l15x_it.o [1]
TIM3_UPD_OVF_TRG_BRK_USART3_TX_IRQHandler
                        0x0097aa    0x1  Code  Gb  stm8l15x_it.o [1]
TIM4_UPD_OVF_TRG_IRQHandler
                        0x0097ae    0x1  Code  Gb  stm8l15x_it.o [1]
TRAP_IRQHandler         0x009797    0x1  Code  Gb  stm8l15x_it.o [1]
Timer2_Init             0x009470   0x38  Code  Gb  tim2.o [1]
USART1_RX_TIM5_CC_IRQHandler
                        0x009366   0x45  Code  Gb  stm8l15x_it.o [1]
USART1_TX_TIM5_UPD_OVF_TRG_BRK_IRQHandler
                        0x0097b0    0x1  Code  Gb  stm8l15x_it.o [1]
USART_ClearITPendingBit
                        0x009770    0x5  Code  Gb  stm8l15x_usart.o [1]
USART_Cmd               0x00952e   0x27  Code  Gb  stm8l15x_usart.o [1]
USART_GetFlagStatus     0x0095c4   0x22  Code  Gb  stm8l15x_usart.o [1]
USART_ITConfig          0x008e7f   0x94  Code  Gb  stm8l15x_usart.o [1]
USART_Init              0x008bb3   0xce  Code  Gb  stm8l15x_usart.o [1]
USART_ReceiveData8      0x00976b    0x5  Code  Gb  stm8l15x_usart.o [1]
USART_SendData8         0x009754    0x8  Code  Gb  stm8l15x_usart.o [1]
Uart1_Send              0x0096b9   0x15  Code  Gb  Uart.o [1]
UartRbuf                0x00029f   0xff  Data  Gb  Uart.o [1]
UartRlen                0x0003a4    0x1  Data  Gb  Uart.o [1]
__DebugBreak            0x0097b1    0x1  Code  Gb  __dbg_break.o [3]
__exit                  0x0096ce   0x14  Code  Gb  __dbg_xxexit.o [3]
__iar_Dnorm             0x008631         Code  Gb  float_libsup.o [4]
__iar_Dscale            0x0086bf         Code  Gb  float_libsup.o [4]
__iar_Dunscale          0x00866d         Code  Gb  float_libsup.o [4]
__iar_Errno             0x00039e    0x2  Data  Gb  errno.o [4]
__iar_data_init2        0x00968c   0x17  Code  Gb  init.o [4]
__iar_program_start     0x0096f5         Code  Gb  cstartup.o [4]
__iar_unhandled_exception
                        0x009794         Code  Gb  unhandled_exception.o [4]
__iar_zero_init2        0x00960d         Code  Gb  init_small.o [4]
__intvec                0x008000         Data  Gb  interrupt.o [4]
__low_level_init        0x00978e    0x3  Code  Gb  low_level_init.o [4]
_exit                   0x00977a         Code  Gb  cexit.o [4]
_interrupt_1            0x009797         Code  Gb  stm8l15x_it.o [1]
_interrupt_10           0x00979e         Code  Gb  stm8l15x_it.o [1]
_interrupt_11           0x00979f         Code  Gb  stm8l15x_it.o [1]
_interrupt_12           0x0097a0         Code  Gb  stm8l15x_it.o [1]
_interrupt_13           0x0097a1         Code  Gb  stm8l15x_it.o [1]
_interrupt_14           0x0097a2         Code  Gb  stm8l15x_it.o [1]
_interrupt_15           0x0097a3         Code  Gb  stm8l15x_it.o [1]
_interrupt_16           0x0097a4         Code  Gb  stm8l15x_it.o [1]
_interrupt_17           0x0097a5         Code  Gb  stm8l15x_it.o [1]
_interrupt_18           0x0097a6         Code  Gb  stm8l15x_it.o [1]
_interrupt_19           0x0097a7         Code  Gb  stm8l15x_it.o [1]
_interrupt_20           0x0097a8         Code  Gb  stm8l15x_it.o [1]
_interrupt_21           0x0092d8         Code  Gb  stm8l15x_it.o [1]
_interrupt_22           0x0097a9         Code  Gb  stm8l15x_it.o [1]
_interrupt_23           0x0097aa         Code  Gb  stm8l15x_it.o [1]
_interrupt_24           0x0097ab         Code  Gb  stm8l15x_it.o [1]
_interrupt_25           0x0097ac         Code  Gb  stm8l15x_it.o [1]
_interrupt_26           0x0097ad         Code  Gb  stm8l15x_it.o [1]
_interrupt_27           0x0097ae         Code  Gb  stm8l15x_it.o [1]
_interrupt_28           0x0097af         Code  Gb  stm8l15x_it.o [1]
_interrupt_29           0x0097b0         Code  Gb  stm8l15x_it.o [1]
_interrupt_3            0x009798         Code  Gb  stm8l15x_it.o [1]
_interrupt_30           0x009366         Code  Gb  stm8l15x_it.o [1]
_interrupt_31           0x008de6         Code  Gb  stm8l15x_it.o [1]
_interrupt_4            0x00965c         Code  Gb  stm8l15x_it.o [1]
_interrupt_5            0x009799         Code  Gb  stm8l15x_it.o [1]
_interrupt_6            0x00979a         Code  Gb  stm8l15x_it.o [1]
_interrupt_7            0x00979b         Code  Gb  stm8l15x_it.o [1]
_interrupt_8            0x00979c         Code  Gb  stm8l15x_it.o [1]
_interrupt_9            0x00979d         Code  Gb  stm8l15x_it.o [1]
exit                    0x009791    0x3  Code  Gb  exit.o [4]
main                    0x00928f   0x49  Code  Gb  main.o [1]
memcpy                  0x00957b   0x25  Code  Gb  memcpy.o [4]
sqrt                    0x008ad0   0xe3  Code  Gb  sqrt.o [4]
sys_clock_init          0x0096a3   0x16  Code  Gb  main.o [1]


[1] = E:\work\gitspirometer\ADC\Debug\Obj
[2] = command line
[3] = dbgstm8smd.a
[4] = dlstm8smf.a

  5 501 bytes of readonly  code memory
    565 bytes of readonly  data memory
  1 189 bytes of readwrite data memory

Errors: none
Warnings: none
