###############################################################################
#
# IAR ELF Linker V2.20.1.176 for STM8                     22/May/2019  11:35:48
# Copyright 2010-2015 IAR Systems AB.
#
#    Output file  =  E:\work\gitspirometer\ADC\Debug\Exe\STM8.out
#    Map file     =  E:\work\gitspirometer\ADC\Debug\List\STM8.map
#    Command line =  
#        E:\work\gitspirometer\ADC\Debug\Obj\adc.o
#        E:\work\gitspirometer\ADC\Debug\Obj\com.o
#        E:\work\gitspirometer\ADC\Debug\Obj\IIC.o
#        E:\work\gitspirometer\ADC\Debug\Obj\main.o
#        E:\work\gitspirometer\ADC\Debug\Obj\stm8l15x_adc.o
#        E:\work\gitspirometer\ADC\Debug\Obj\stm8l15x_clk.o
#        E:\work\gitspirometer\ADC\Debug\Obj\stm8l15x_dma.o
#        E:\work\gitspirometer\ADC\Debug\Obj\stm8l15x_gpio.o
#        E:\work\gitspirometer\ADC\Debug\Obj\stm8l15x_i2c.o
#        E:\work\gitspirometer\ADC\Debug\Obj\stm8l15x_it.o
#        E:\work\gitspirometer\ADC\Debug\Obj\stm8l15x_syscfg.o
#        E:\work\gitspirometer\ADC\Debug\Obj\stm8l15x_tim2.o
#        E:\work\gitspirometer\ADC\Debug\Obj\stm8l15x_usart.o
#        E:\work\gitspirometer\ADC\Debug\Obj\tim2.o
#        E:\work\gitspirometer\ADC\Debug\Obj\Uart.o --redirect
#        _Printf=_PrintfSmall --redirect _Scanf=_ScanfSmall -o
#        E:\work\gitspirometer\ADC\Debug\Exe\STM8.out --map
#        E:\work\gitspirometer\ADC\Debug\List\STM8.map --config "C:\Program
#        Files (x86)\IAR Systems\Embedded Workbench
#        7.3\stm8\config\lnkstm8l151c8.icf" --config_def _CSTACK_SIZE=0x100
#        --config_def _HEAP_SIZE=0x100 --entry __iar_program_start --debug_lib
#
###############################################################################

*******************************************************************************
*** RUNTIME MODEL ATTRIBUTES
***

__Heap_Handler             = Basic
__SystemLibrary            = DLib
__code_model               = small
__core                     = stm8
__data_model               = medium
__dlib_file_descriptor     = 1
__dlib_full_locale_support = 1
__rt_version               = 4


*******************************************************************************
*** PLACEMENT SUMMARY
***

"A1":  place at start of [0x000000-0x0000ff] { rw section .vregs };
"A2":  place at end of [0x000000-0x000fff] { block CSTACK };
"P2":  place in [from 0x000000 to 0x000fff] {
          block HEAP, rw section __DLIB_PERTHREAD, rw section .far.bss,
          rw section .far.data, rw section .far.noinit,
          rw section .far_func.textrw, rw section .huge.bss,
          rw section .huge.data, rw section .huge.noinit,
          rw section .huge_func.textrw, rw section .iar.dynexit,
          rw section .near.bss, rw section .near.data, rw section .near.noinit,
          rw section .near_func.textrw };
"A3":  place at start of [0x008000-0x00ffff] { block INTVEC };
"P3":  place in [from 0x008000 to 0x00ffff] {
          ro section __DLIB_PERTHREAD_init, ro section .far.data_init,
          ro section .far_func.textrw_init, ro section .huge.data_init,
          ro section .huge_func.textrw_init, ro section .iar.init_table,
          ro section .init_array, ro section .near.data_init,
          ro section .near.rodata, ro section .near_func.text,
          ro section .near_func.textrw_init, ro section .tiny.data_init,
          ro section .tiny.rodata_init };

  Section            Kind      Address    Size  Object
  -------            ----      -------    ----  ------
"A1":                                     0x10
  .vregs             uninit   0x000000    0x10  vregs.o [4]
                            - 0x000010    0x10

"P2", part 1 of 3:                        0x28
  P2-1                        0x000010    0x28  <Init block>
    .near.data       inited   0x000010    0x28  xfiles.o [4]
                            - 0x000038    0x28

"P2", part 2 of 3:                       0x100
  HEAP                        0x000038   0x100  <Block>
    HEAP             uninit   0x000038   0x100  <Block tail>
                            - 0x000138   0x100

"P2", part 3 of 3:                       0x405
  .near.bss          zero     0x000138   0x190  adc.o [1]
  .near.bss          zero     0x0002c8    0xff  IIC.o [1]
  .near.bss          zero     0x0003c7    0xff  Uart.o [1]
  .near.bss          zero     0x0004c6    0x50  xfiles.o [4]
  .near.bss          zero     0x000516     0xe  setlocale.o [4]
  .near.bss          zero     0x000524     0x4  main.o [1]
  .near.bss          zero     0x000528     0x4  main.o [1]
  .near.bss          zero     0x00052c     0x4  xxmemxmalloc.o [4]
  .near.bss          zero     0x000530     0x2  main.o [1]
  .near.bss          zero     0x000532     0x2  errno.o [4]
  .near.bss          zero     0x000534     0x2  setlocale.o [4]
  .near.bss          zero     0x000536     0x2  xgetmemchunk.o [4]
  .near.bss          zero     0x000538     0x1  adc.o [1]
  .near.bss          zero     0x000539     0x1  adc.o [1]
  .near.bss          zero     0x00053a     0x1  IIC.o [1]
  .near.bss          zero     0x00053b     0x1  IIC.o [1]
  .near.bss          zero     0x00053c     0x1  Uart.o [1]
                            - 0x00053d   0x405

"A2":                                    0x100
  CSTACK                      0x000f00   0x100  <Block>
    CSTACK           uninit   0x000f00   0x100  <Block tail>
                            - 0x001000   0x100

"A3":                                     0x80
  INTVEC                      0x008000    0x80  <Block>
    .intvec          const    0x008000    0x80  interrupt.o [4]
                            - 0x008080    0x80

"P3":                                   0x24ee
  .near_func.text    ro code  0x008080   0x452  float.o [4]
  .near_func.text    ro code  0x0084d2   0x43a  xprintfsmall.o [4]
  .near_func.text    ro code  0x00890c   0x1db  xprintfsmall.o [4]
  .near.rodata       const    0x008ae7   0x190  main.o [1]
  .near_func.text    ro code  0x008c77   0x17e  main.o [1]
  .near_func.text    ro code  0x008df5   0x171  xprintfsmall.o [4]
  .near_func.text    ro code  0x008f66   0x161  float_libsup.o [4]
  .near_func.text    ro code  0x0090c7   0x13b  vreg_util.o [4]
  .near_func.text    ro code  0x009202    0xee  long.o [4]
  .near_func.text    ro code  0x0092f0    0xe3  sqrt.o [4]
  .near_func.text    ro code  0x0093d3    0xdb  xxmemxfree.o [4]
  .near_func.text    ro code  0x0094ae    0xce  stm8l15x_usart.o [1]
  .near_func.text    ro code  0x00957c    0xb6  adc.o [1]
  .near_func.text    ro code  0x009632    0xaf  stm8l15x_gpio.o [1]
  .near_func.text    ro code  0x0096e1    0xac  main.o [1]
  .near_func.text    ro code  0x00978d    0x99  stm8l15x_it.o [1]
  .near_func.text    ro code  0x009826    0x94  stm8l15x_usart.o [1]
  .near_func.text    ro code  0x0098ba    0x94  xxmemxmalloc.o [4]
  .near_func.text    ro code  0x00994e    0x89  stm8l15x_clk.o [1]
  .near_func.text    ro code  0x0099d7    0x7f  stm8l15x_adc.o [1]
  .near_func.text    ro code  0x009a56    0x72  stm8l15x_clk.o [1]
  .near_func.text    ro code  0x009ac8    0x65  stm8l15x_tim2.o [1]
  .near_func.text    ro code  0x009b2d    0x5f  xxmemxmalloc.o [4]
  .near_func.text    ro code  0x009b8c    0x57  Uart.o [1]
  .near_func.text    ro code  0x009be3    0x57  long_util.o [4]
  .near_func.text    ro code  0x009c3a    0x55  stm8l15x_syscfg.o [1]
  .near_func.text    ro code  0x009c8f    0x4f  stm8l15x_adc.o [1]
  .near_func.text    ro code  0x009cde    0x4c  stm8l15x_adc.o [1]
  .near_func.text    ro code  0x009d2a    0x48  stm8l15x_it.o [1]
  .near_func.text    ro code  0x009d72    0x46  adc.o [1]
  .near_func.text    ro code  0x009db8    0x45  stm8l15x_it.o [1]
  .near_func.text    ro code  0x009dfd    0x44  stm8l15x_dma.o [1]
  .near_func.text    ro code  0x009e41    0x44  short.o [4]
  .near_func.text    ro code  0x009e85    0x3f  xprintfsmall.o [4]
  .near_func.text    ro code  0x009ec4    0x3d  adc.o [1]
  .near_func.text    ro code  0x009f01    0x38  tim2.o [1]
  .near_func.text    ro code  0x009f39    0x36  xprintfsmall.o [4]
  .near_func.text    ro code  0x009f6f    0x35  xprintfsmall.o [4]
  .near_func.text    ro code  0x009fa4    0x33  xencoding_sb.o [4]
  .near_func.text    ro code  0x009fd7    0x2f  stm8l15x_adc.o [1]
  .near_func.text    ro code  0x00a006    0x2f  xprintfsmall.o [4]
  .near_func.text    ro code  0x00a035    0x2c  stm8l15x_gpio.o [1]
  .near_func.text    ro code  0x00a061    0x2b  stm8l15x_adc.o [1]
  .near_func.text    ro code  0x00a08c    0x28  init_small.o [4]
  Initializer bytes  const    0x00a0b4    0x28  <for P2-1>
  .near_func.text    ro code  0x00a0dc    0x27  stm8l15x_usart.o [1]
  .near_func.text    ro code  0x00a103    0x25  memcpy.o [4]
  .near_func.text    ro code  0x00a128    0x24  stm8l15x_tim2.o [1]
  .near_func.text    ro code  0x00a14c    0x22  stm8l15x_usart.o [1]
  .near_func.text    ro code  0x00a16e    0x21  xmbtowc.o [4]
  .iar.init_table    const    0x00a18f    0x12  - Linker created -
  .near_func.text    ro code  0x00a1a1    0x20  printf.o [4]
  .near_func.text    ro code  0x00a1c1    0x1f  move.o [4]
  .near_func.text    ro code  0x00a1e0    0x1e  init_small.o [4]
  .near_func.text    ro code  0x00a1fe    0x1c  xwctomb.o [4]
  .near_func.text    ro code  0x00a21a    0x1b  xprout.o [4]
  .near_func.text    ro code  0x00a235    0x19  stm8l15x_adc.o [1]
  .near_func.text    ro code  0x00a24e    0x19  xgetmemchunk.o [4]
  .near.rodata       const    0x00a267    0x18  main.o [1]
  .near_func.text    ro code  0x00a27f    0x18  stm8l15x_it.o [1]
  .near_func.text    ro code  0x00a297    0x18  dc_util.o [4]
  .near_func.text    ro code  0x00a2af    0x18  memchr.o [4]
  .near_func.text    ro code  0x00a2c7    0x18  xencoding_sb.o [4]
  .near_func.text    ro code  0x00a2df    0x17  Uart.o [1]
  .near_func.text    ro code  0x00a2f6    0x17  init.o [4]
  .near_func.text    ro code  0x00a30d    0x16  main.o [1]
  .near_func.text    ro code  0x00a323    0x15  strchr.o [4]
  .near_func.text    ro code  0x00a338    0x14  xprintfsmall.o [4]
  .near_func.text    ro code  0x00a34c    0x14  xprintfsmall.o [4]
  .near_func.text    ro code  0x00a360    0x14  __dbg_xxexit.o [3]
  .near_func.text    ro code  0x00a374    0x13  stm8l15x_tim2.o [1]
  .near_func.text    ro code  0x00a387    0x13  cstartup.o [4]
  .near_func.text    ro code  0x00a39a    0x12  main.o [1]
  .near_func.text    ro code  0x00a3ac    0x12  strlen.o [4]
  .near_func.text    ro code  0x00a3be    0x10  main.o [1]
  .near_func.text    ro code  0x00a3ce    0x10  xprintfsmall.o [4]
  .near_func.text    ro code  0x00a3de     0xd  stm8l15x_adc.o [1]
  .near_func.text    ro code  0x00a3eb     0xd  stm8l15x_clk.o [1]
  .near_func.text    ro code  0x00a3f8     0xd  stm8l15x_tim2.o [1]
  .near_func.text    ro code  0x00a405     0xd  stm8l15x_tim2.o [1]
  .near.rodata       const    0x00a412     0xc  main.o [1]
  .near_func.text    ro code  0x00a41e     0xc  setlocale.o [4]
  .near_func.text    ro code  0x00a42a     0xb  xprintfsmall.o [4]
  .near_func.text    ro code  0x00a435     0xa  xprintfsmall.o [4]
  .near_func.text    ro code  0x00a43f     0xa  xprintfsmall.o [4]
  .near_func.text    ro code  0x00a449     0x9  stm8l15x_adc.o [1]
  .near_func.text    ro code  0x00a452     0x9  xprintfsmall.o [4]
  .near_func.text    ro code  0x00a45b     0x9  xprintfsmall.o [4]
  .near_func.text    ro code  0x00a464     0x9  xprintfsmall.o [4]
  .near_func.text    ro code  0x00a46d     0x9  xprintfsmall.o [4]
  .near_func.text    ro code  0x00a476     0x9  xprintfsmall.o [4]
  .near.rodata       const    0x00a47f     0x8  xprintfsmall.o [4]
  .near.rodata       const    0x00a487     0x8  xprintfsmall.o [4]
  .near.rodata       const    0x00a48f     0x8  xencoding_sb.o [4]
  .near.rodata       const    0x00a497     0x8  xencoding_sb.o [4]
  .near_func.text    ro code  0x00a49f     0x8  stm8l15x_usart.o [1]
  .near_func.text    ro code  0x00a4a7     0x8  xprintfsmall.o [4]
  .near_func.text    ro code  0x00a4af     0x8  xprintfsmall.o [4]
  .near_func.text    ro code  0x00a4b7     0x8  xxmemxmalloc.o [4]
  .near.rodata       const    0x00a4bf     0x7  xprintfsmall.o [4]
  .near_func.text    ro code  0x00a4c6     0x7  xprintfsmall.o [4]
  .near_func.text    ro code  0x00a4cd     0x7  xprintfsmall.o [4]
  .near_func.text    ro code  0x00a4d4     0x7  xxmemxmalloc.o [4]
  .near_func.text    ro code  0x00a4db     0x7  putchar.o [4]
  .near_func.text    ro code  0x00a4e2     0x6  xprintfsmall.o [4]
  .near_func.text    ro code  0x00a4e8     0x6  xprintfsmall.o [4]
  .near_func.text    ro code  0x00a4ee     0x6  xprintfsmall.o [4]
  .near_func.text    ro code  0x00a4f4     0x6  xprintfsmall.o [4]
  .near_func.text    ro code  0x00a4fa     0x6  xmbcurmax.o [4]
  .near.rodata       const    0x00a500     0x5  stm8l15x_clk.o [1]
  .near_func.text    ro code  0x00a505     0x5  stm8l15x_adc.o [1]
  .near_func.text    ro code  0x00a50a     0x5  stm8l15x_tim2.o [1]
  .near_func.text    ro code  0x00a50f     0x5  stm8l15x_usart.o [1]
  .near_func.text    ro code  0x00a514     0x5  stm8l15x_usart.o [1]
  .near_func.text    ro code  0x00a519     0x5  char.o [4]
  .near_func.text    ro code  0x00a51e     0x5  xprintfsmall.o [4]
  .near_func.text    ro code  0x00a523     0x5  xprintfsmall.o [4]
  .near_func.text    ro code  0x00a528     0x5  xprintfsmall.o [4]
  .near_func.text    ro code  0x00a52d     0x5  xprintfsmall.o [4]
  .near_func.text    ro code  0x00a532     0x5  cexit.o [4]
  .near_func.text    ro code  0x00a537     0x4  stm8l15x_clk.o [1]
  .near_func.text    ro code  0x00a53b     0x4  stm8l15x_clk.o [1]
  .near_func.text    ro code  0x00a53f     0x4  stm8l15x_clk.o [1]
  .near_func.text    ro code  0x00a543     0x4  setlocale.o [4]
  .near_func.text    ro code  0x00a547     0x3  interrupt.o [4]
  .near_func.text    ro code  0x00a54a     0x3  low_level_init.o [4]
  .near_func.text    ro code  0x00a54d     0x3  exit.o [4]
  .near_func.text    ro code  0x00a550     0x3  unhandled_exception.o [4]
  .near_func.text    ro code  0x00a553     0x1  stm8l15x_it.o [1]
  .near_func.text    ro code  0x00a554     0x1  stm8l15x_it.o [1]
  .near_func.text    ro code  0x00a555     0x1  stm8l15x_it.o [1]
  .near_func.text    ro code  0x00a556     0x1  stm8l15x_it.o [1]
  .near_func.text    ro code  0x00a557     0x1  stm8l15x_it.o [1]
  .near_func.text    ro code  0x00a558     0x1  stm8l15x_it.o [1]
  .near_func.text    ro code  0x00a559     0x1  stm8l15x_it.o [1]
  .near_func.text    ro code  0x00a55a     0x1  stm8l15x_it.o [1]
  .near_func.text    ro code  0x00a55b     0x1  stm8l15x_it.o [1]
  .near_func.text    ro code  0x00a55c     0x1  stm8l15x_it.o [1]
  .near_func.text    ro code  0x00a55d     0x1  stm8l15x_it.o [1]
  .near_func.text    ro code  0x00a55e     0x1  stm8l15x_it.o [1]
  .near_func.text    ro code  0x00a55f     0x1  stm8l15x_it.o [1]
  .near_func.text    ro code  0x00a560     0x1  stm8l15x_it.o [1]
  .near_func.text    ro code  0x00a561     0x1  stm8l15x_it.o [1]
  .near_func.text    ro code  0x00a562     0x1  stm8l15x_it.o [1]
  .near_func.text    ro code  0x00a563     0x1  stm8l15x_it.o [1]
  .near_func.text    ro code  0x00a564     0x1  stm8l15x_it.o [1]
  .near_func.text    ro code  0x00a565     0x1  stm8l15x_it.o [1]
  .near_func.text    ro code  0x00a566     0x1  stm8l15x_it.o [1]
  .near_func.text    ro code  0x00a567     0x1  stm8l15x_it.o [1]
  .near_func.text    ro code  0x00a568     0x1  stm8l15x_it.o [1]
  .near_func.text    ro code  0x00a569     0x1  stm8l15x_it.o [1]
  .near_func.text    ro code  0x00a56a     0x1  stm8l15x_it.o [1]
  .near_func.text    ro code  0x00a56b     0x1  stm8l15x_it.o [1]
  .near_func.text    ro code  0x00a56c     0x1  stm8l15x_it.o [1]
  .near_func.text    ro code  0x00a56d     0x1  __dbg_break.o [3]
                            - 0x00a56e  0x24ee


*******************************************************************************
*** INIT TABLE
***

          Address   Size
          -------   ----
Zero (__iar_zero_init2)
    1 destination range, total size 0x405:
          0x000138  0x405

Copy (__iar_copy_init2)
    1 source range, total size 0x28:
          0x00a0b4   0x28
    1 destination range, total size 0x28:
          0x000010   0x28



*******************************************************************************
*** MODULE SUMMARY
***

    Module                 ro code  ro data  rw data
    ------                 -------  -------  -------
E:\work\gitspirometer\ADC\Debug\Obj: [1]
    IIC.o                                        257
    Uart.o                     110               256
    adc.o                      313               402
    main.o                     610      436       10
    stm8l15x_adc.o             424
    stm8l15x_clk.o             276        5
    stm8l15x_dma.o              68
    stm8l15x_gpio.o            219
    stm8l15x_it.o              344
    stm8l15x_syscfg.o           85
    stm8l15x_tim2.o            187
    stm8l15x_usart.o           445
    tim2.o                      56
    ------------------------------------------------
    Total:                   3 137      441      925

command line: [2]
    ------------------------------------------------
    Total:

dbgstm8smd.a: [3]
    __dbg_break.o                1
    __dbg_xxexit.o              20
    ------------------------------------------------
    Total:                      21

dlstm8smf.a: [4]
    cexit.o                      5
    char.o                       5
    cstartup.o                  19
    dc_util.o                   24
    errno.o                                        2
    exit.o                       3
    float.o                  1 106
    float_libsup.o             353
    init.o                      23
    init_small.o                70
    interrupt.o                  3      128
    long.o                     238
    long_util.o                 87
    low_level_init.o             3
    memchr.o                    24
    memcpy.o                    37
    move.o                      31
    printf.o                    32
    putchar.o                    7
    setlocale.o                 16                16
    short.o                     68
    sqrt.o                     227
    strchr.o                    21
    strlen.o                    18
    unhandled_exception.o        3
    vreg_util.o                315
    vregs.o                                       16
    xencoding_sb.o              75       16
    xfiles.o                             40      120
    xgetmemchunk.o              25                 2
    xmbcurmax.o                  6
    xmbtowc.o                   33
    xprintfsmall.o           2 349       23
    xprout.o                    27
    xwctomb.o                   28
    xxmemxfree.o               219
    xxmemxmalloc.o             258                 4
    ------------------------------------------------
    Total:                   5 758      207      160

    Linker created                       18      512
----------------------------------------------------
    Grand Total:             8 916      666    1 597


*******************************************************************************
*** ENTRY LIST
***

Entry                    Address   Size  Type      Object
-----                    -------   ----  ----      ------
.iar.init_table$$Base   0x00a18f          --   Gb  - Linker created -
.iar.init_table$$Limit  0x00a1a1          --   Gb  - Linker created -
?add32_l0_l0_0x         0x009215         Code  Gb  long.o [4]
?add32_l0_l0_l1         0x009212         Code  Gb  long.o [4]
?and32_l0_l0_0x         0x0092c0         Code  Gb  long.o [4]
?and32_l0_l0_l1         0x0092bd         Code  Gb  long.o [4]
?b0                     0x000000         Data  Gb  vregs.o [4]
?b1                     0x000001         Data  Gb  vregs.o [4]
?b10                    0x00000a         Data  Gb  vregs.o [4]
?b11                    0x00000b         Data  Gb  vregs.o [4]
?b12                    0x00000c         Data  Gb  vregs.o [4]
?b13                    0x00000d         Data  Gb  vregs.o [4]
?b14                    0x00000e         Data  Gb  vregs.o [4]
?b15                    0x00000f         Data  Gb  vregs.o [4]
?b2                     0x000002         Data  Gb  vregs.o [4]
?b3                     0x000003         Data  Gb  vregs.o [4]
?b4                     0x000004         Data  Gb  vregs.o [4]
?b5                     0x000005         Data  Gb  vregs.o [4]
?b6                     0x000006         Data  Gb  vregs.o [4]
?b7                     0x000007         Data  Gb  vregs.o [4]
?b8                     0x000008         Data  Gb  vregs.o [4]
?b9                     0x000009         Data  Gb  vregs.o [4]
?dc32_l1                0x00a297         Code  Gb  dc_util.o [4]
?dc32_px                0x00a2a4         Code  Gb  dc_util.o [4]
?e0                     0x000001         Data  Gb  vregs.o [4]
?e1                     0x000005         Data  Gb  vregs.o [4]
?e2                     0x000009         Data  Gb  vregs.o [4]
?e3                     0x00000d         Data  Gb  vregs.o [4]
?epilogue_l2            0x009167         Code  Gb  vreg_util.o [4]
?epilogue_l2_l3         0x009164         Code  Gb  vreg_util.o [4]
?epilogue_w4            0x00916b         Code  Gb  vreg_util.o [4]
?fadd32_l0_l0_0x        0x0080a8         Code  Gb  float.o [4]
?fadd32_l0_l0_dc32      0x0080a3         Code  Gb  float.o [4]
?fadd32_l0_l0_l1        0x0080ab         Code  Gb  float.o [4]
?fcastf32s16_l0_x       0x00832f         Code  Gb  float.o [4]
?fcastf32u16_l0_x       0x008336         Code  Gb  float.o [4]
?fcasts16f32_x_l0       0x008354         Code  Gb  float.o [4]
?fcastu32f32_l0_l0      0x008389         Code  Gb  float.o [4]
?fcmpeq32_c_0x_fzero    0x0082cc         Code  Gb  float.o [4]
?fcmplt32_c_l0_0x       0x0082d9         Code  Gb  float.o [4]
?fcmplt32_c_l0_dc32     0x0082d4         Code  Gb  float.o [4]
?fdiv32_l0_l0_dc32      0x008219         Code  Gb  float.o [4]
?fdiv32_l0_l0_l1        0x00821e         Code  Gb  float.o [4]
?fmul32_l0_l0_dc32      0x008179         Code  Gb  float.o [4]
?fmul32_l0_l0_l1        0x00817e         Code  Gb  float.o [4]
?fsub32_l0_l0_l1        0x00809d         Code  Gb  float.o [4]
?l0                     0x000000         Data  Gb  vregs.o [4]
?l1                     0x000004         Data  Gb  vregs.o [4]
?l2                     0x000008         Data  Gb  vregs.o [4]
?l3                     0x00000c         Data  Gb  vregs.o [4]
?load32_0x_l0           0x009c2c         Code  Gb  long_util.o [4]
?load32_asp_l0          0x009c20         Code  Gb  long_util.o [4]
?load32_dbsp_l0         0x009c1b         Code  Gb  long_util.o [4]
?load32_l0_0x           0x009bf3         Code  Gb  long_util.o [4]
?load32_l0_asp          0x009be8         Code  Gb  long_util.o [4]
?load32_l0_dbsp         0x009be3         Code  Gb  long_util.o [4]
?load32_l0_xsp          0x009bea         Code  Gb  long_util.o [4]
?load32_l1_0x           0x009c0f         Code  Gb  long_util.o [4]
?load32_l1_asp          0x009c04         Code  Gb  long_util.o [4]
?load32_l1_dbsp         0x009bff         Code  Gb  long_util.o [4]
?load32_l1_xsp          0x009c06         Code  Gb  long_util.o [4]
?load32_xsp_l0          0x009c22         Code  Gb  long_util.o [4]
?mov_e0_e1              0x0091a3         Code  Gb  vreg_util.o [4]
?mov_e0_e2              0x0091b0         Code  Gb  vreg_util.o [4]
?mov_e1_e0              0x0091c4         Code  Gb  vreg_util.o [4]
?mov_e1_e2              0x0091d1         Code  Gb  vreg_util.o [4]
?mov_e1_e3              0x0091de         Code  Gb  vreg_util.o [4]
?mov_e2_e0              0x0091eb         Code  Gb  vreg_util.o [4]
?mov_e3_e0              0x0091f8         Code  Gb  vreg_util.o [4]
?mov_l0_l1              0x0091a0         Code  Gb  vreg_util.o [4]
?mov_l0_l2              0x0091ad         Code  Gb  vreg_util.o [4]
?mov_l1_l0              0x0091c1         Code  Gb  vreg_util.o [4]
?mov_l1_l2              0x0091ce         Code  Gb  vreg_util.o [4]
?mov_l1_l3              0x0091db         Code  Gb  vreg_util.o [4]
?mov_l2_l0              0x0091e8         Code  Gb  vreg_util.o [4]
?mov_l3_l0              0x0091f5         Code  Gb  vreg_util.o [4]
?mov_w0_w4              0x00916f         Code  Gb  vreg_util.o [4]
?mov_w0_w5              0x009176         Code  Gb  vreg_util.o [4]
?mov_w1_w3              0x0091a6         Code  Gb  vreg_util.o [4]
?mov_w1_w4              0x00917d         Code  Gb  vreg_util.o [4]
?mov_w1_w5              0x0091b3         Code  Gb  vreg_util.o [4]
?mov_w1_w7              0x0091ba         Code  Gb  vreg_util.o [4]
?mov_w2_w1              0x009184         Code  Gb  vreg_util.o [4]
?mov_w3_w1              0x0091c7         Code  Gb  vreg_util.o [4]
?mov_w3_w5              0x0091d4         Code  Gb  vreg_util.o [4]
?mov_w3_w7              0x0091e1         Code  Gb  vreg_util.o [4]
?mov_w4_w0              0x00918b         Code  Gb  vreg_util.o [4]
?mov_w4_w1              0x009192         Code  Gb  vreg_util.o [4]
?mov_w5_w0              0x009199         Code  Gb  vreg_util.o [4]
?mov_w5_w1              0x0091ee         Code  Gb  vreg_util.o [4]
?mov_w7_w1              0x0091fb         Code  Gb  vreg_util.o [4]
?move1616_v_x_y_a       0x00a1d3         Code  Gb  move.o [4]
?move1616_v_x_y_tos16   0x00a1c1         Code  Gb  move.o [4]
?mul16_x_x_w0           0x009e41         Code  Gb  short.o [4]
?neg32_l0_l0            0x009202         Code  Gb  long.o [4]
?pop_l0                 0x009130         Code  Gb  vreg_util.o [4]
?pop_l1                 0x00913b         Code  Gb  vreg_util.o [4]
?pop_l2                 0x009146         Code  Gb  vreg_util.o [4]
?pop_l3                 0x009151         Code  Gb  vreg_util.o [4]
?pop_w0                 0x0090e9         Code  Gb  vreg_util.o [4]
?pop_w4                 0x0090f0         Code  Gb  vreg_util.o [4]
?push_l0                0x0090ff         Code  Gb  vreg_util.o [4]
?push_l1                0x009104         Code  Gb  vreg_util.o [4]
?push_l2                0x009109         Code  Gb  vreg_util.o [4]
?push_l3                0x00910e         Code  Gb  vreg_util.o [4]
?push_w0                0x0090c7         Code  Gb  vreg_util.o [4]
?push_w1                0x0090cc         Code  Gb  vreg_util.o [4]
?push_w4                0x0090d1         Code  Gb  vreg_util.o [4]
?sdiv16_x_x_y           0x009e5f         Code  Gb  short.o [4]
?sext32_l0_a            0x0092e3         Code  Gb  long.o [4]
?sext32_l0_x            0x0092d8         Code  Gb  long.o [4]
?sll16_x_x_a            0x009e78         Code  Gb  short.o [4]
?sll8_a_a_5             0x00a519         Code  Gb  char.o [4]
?srl16_x_x_4            0x009e80         Code  Gb  short.o [4]
?sub32_l0_l0_0x         0x009230         Code  Gb  long.o [4]
?sub32_l0_l0_l1         0x00922d         Code  Gb  long.o [4]
?udiv32_l0_l0_dl        0x00924d         Code  Gb  long.o [4]
?udiv32_l0_l0_l1        0x009250         Code  Gb  long.o [4]
?umod32_l1_l0_dl        0x009248         Code  Gb  long.o [4]
?umod32_l1_l0_l1        0x009250         Code  Gb  long.o [4]
?w0                     0x000000         Data  Gb  vregs.o [4]
?w1                     0x000002         Data  Gb  vregs.o [4]
?w2                     0x000004         Data  Gb  vregs.o [4]
?w3                     0x000006         Data  Gb  vregs.o [4]
?w4                     0x000008         Data  Gb  vregs.o [4]
?w5                     0x00000a         Data  Gb  vregs.o [4]
?w6                     0x00000c         Data  Gb  vregs.o [4]
?w7                     0x00000e         Data  Gb  vregs.o [4]
ADC1_COMP_IRQHandler    0x00a564    0x1  Code  Gb  stm8l15x_it.o [1]
ADCBuffer               0x000138  0x190  Data  Gb  adc.o [1]
ADCCount                0x000538    0x1  Data  Gb  adc.o [1]
ADCOverFlag             0x000539    0x1  Data  Gb  adc.o [1]
ADC_ChannelCmd          0x009c8f   0x4f  Code  Gb  stm8l15x_adc.o [1]
ADC_ClearFlag           0x00a449    0x9  Code  Gb  stm8l15x_adc.o [1]
ADC_Cmd                 0x00a3de    0xd  Code  Gb  stm8l15x_adc.o [1]
ADC_DeInit              0x0099d7   0x7f  Code  Gb  stm8l15x_adc.o [1]
ADC_GetConversionValue  0x00a061   0x2b  Code  Gb  stm8l15x_adc.o [1]
ADC_GetFlagStatus       0x00a235   0x19  Code  Gb  stm8l15x_adc.o [1]
ADC_Init                0x009fd7   0x2f  Code  Gb  stm8l15x_adc.o [1]
ADC_SamplingTimeConfig  0x009cde   0x4c  Code  Gb  stm8l15x_adc.o [1]
ADC_SoftwareStartConv   0x00a505    0x5  Code  Gb  stm8l15x_adc.o [1]
CLK_GetClockFreq        0x009a56   0x72  Code  Gb  stm8l15x_clk.o [1]
CLK_GetSYSCLKSource     0x00a53b    0x4  Code  Gb  stm8l15x_clk.o [1]
CLK_PeripheralClockConfig
                        0x00994e   0x89  Code  Gb  stm8l15x_clk.o [1]
CLK_SYSCLKDivConfig     0x00a53f    0x4  Code  Gb  stm8l15x_clk.o [1]
CLK_SYSCLKSourceConfig  0x00a537    0x4  Code  Gb  stm8l15x_clk.o [1]
CLK_SYSCLKSourceSwitchCmd
                        0x00a3eb    0xd  Code  Gb  stm8l15x_clk.o [1]
CSTACK$$Base            0x000f00          --   Gb  - Linker created -
CSTACK$$Limit           0x001000          --   Gb  - Linker created -
Calculate_LungCapacity_Second
                        0x008c77  0x17e  Code  Gb  main.o [1]
Calculate_LungCapacity_Seconds
                        0x0096e1   0xac  Code  Gb  main.o [1]
DMA1_CHANNEL0_1_IRQHandler
                        0x00a27f   0x18  Code  Gb  stm8l15x_it.o [1]
DMA1_CHANNEL2_3_IRQHandler
                        0x00a555    0x1  Code  Gb  stm8l15x_it.o [1]
DMA_ClearITPendingBit   0x009dfd   0x44  Code  Gb  stm8l15x_dma.o [1]
EXTI0_IRQHandler        0x00a55a    0x1  Code  Gb  stm8l15x_it.o [1]
EXTI1_IRQHandler        0x00a55b    0x1  Code  Gb  stm8l15x_it.o [1]
EXTI2_IRQHandler        0x00a55c    0x1  Code  Gb  stm8l15x_it.o [1]
EXTI3_IRQHandler        0x00a55d    0x1  Code  Gb  stm8l15x_it.o [1]
EXTI4_IRQHandler        0x00a55e    0x1  Code  Gb  stm8l15x_it.o [1]
EXTI5_IRQHandler        0x00a55f    0x1  Code  Gb  stm8l15x_it.o [1]
EXTI6_IRQHandler        0x00a560    0x1  Code  Gb  stm8l15x_it.o [1]
EXTI7_IRQHandler        0x00a561    0x1  Code  Gb  stm8l15x_it.o [1]
EXTIB_G_IRQHandler      0x00a558    0x1  Code  Gb  stm8l15x_it.o [1]
EXTID_H_IRQHandler      0x00a559    0x1  Code  Gb  stm8l15x_it.o [1]
EXTIE_F_PVD_IRQHandler  0x00a557    0x1  Code  Gb  stm8l15x_it.o [1]
FLASH_IRQHandler        0x00a554    0x1  Code  Gb  stm8l15x_it.o [1]
GPIO_ExternalPullUpConfig
                        0x00a035   0x2c  Code  Gb  stm8l15x_gpio.o [1]
GPIO_Init               0x009632   0xaf  Code  Gb  stm8l15x_gpio.o [1]
GetValue_ADC            0x00957c   0xb6  Code  Gb  adc.o [1]
GetVotage_ADC           0x009ec4   0x3d  Code  Gb  adc.o [1]
HEAP$$Base              0x000038          --   Gb  - Linker created -
HEAP$$Limit             0x000138          --   Gb  - Linker created -
HardWare_Init           0x00a3be   0x10  Code  Gb  main.o [1]
I2C1_SPI2_IRQHandler    0x00978d   0x99  Code  Gb  stm8l15x_it.o [1]
IICOverFlag             0x00053b    0x1  Data  Gb  IIC.o [1]
INTVEC$$Base            0x008000          --   Gb  - Linker created -
INTVEC$$Limit           0x008080          --   Gb  - Linker created -
Init_ADC                0x009d72   0x46  Code  Gb  adc.o [1]
Init_USART1             0x009b8c   0x57  Code  Gb  Uart.o [1]
LCD_AES_IRQHandler      0x00a562    0x1  Code  Gb  stm8l15x_it.o [1]
LoadInt                 0x009e85   0x3f  Code  Lc  xprintfsmall.o [4]
RTC_CSSLSE_IRQHandler   0x00a556    0x1  Code  Gb  stm8l15x_it.o [1]
Region$$Table$$Base     0x00a18f          --   Gb  - Linker created -
Region$$Table$$Limit    0x00a1a1          --   Gb  - Linker created -
Rx_Idx                  0x00053a    0x1  Data  Gb  IIC.o [1]
SPI1_IRQHandler         0x00a56b    0x1  Code  Gb  stm8l15x_it.o [1]
SWITCH_CSS_BREAK_DAC_IRQHandler
                        0x00a563    0x1  Code  Gb  stm8l15x_it.o [1]
SYSCFG_REMAPPinConfig   0x009c3a   0x55  Code  Gb  stm8l15x_syscfg.o [1]
SYSDivFactor            0x00a500    0x5  Data  Gb  stm8l15x_clk.o [1]
Slave_Buffer_Rx         0x0002c8   0xff  Data  Gb  IIC.o [1]
TIM1_CC_IRQHandler      0x00a569    0x1  Code  Gb  stm8l15x_it.o [1]
TIM1_UPD_OVF_TRG_COM_IRQHandler
                        0x00a568    0x1  Code  Gb  stm8l15x_it.o [1]
TIM2_ARRPreloadConfig   0x00a3f8    0xd  Code  Gb  stm8l15x_tim2.o [1]
TIM2_CC_USART2_RX_IRQHandler
                        0x00a565    0x1  Code  Gb  stm8l15x_it.o [1]
TIM2_ClearITPendingBit  0x00a50a    0x5  Code  Gb  stm8l15x_tim2.o [1]
TIM2_Cmd                0x00a405    0xd  Code  Gb  stm8l15x_tim2.o [1]
TIM2_DeInit             0x009ac8   0x65  Code  Gb  stm8l15x_tim2.o [1]
TIM2_ITConfig           0x00a374   0x13  Code  Gb  stm8l15x_tim2.o [1]
TIM2_TimeBaseInit       0x00a128   0x24  Code  Gb  stm8l15x_tim2.o [1]
TIM2_UPD_OVF_TRG_BRK_USART2_TX_IRQHandler
                        0x009d2a   0x48  Code  Gb  stm8l15x_it.o [1]
TIM3_CC_USART3_RX_IRQHandler
                        0x00a567    0x1  Code  Gb  stm8l15x_it.o [1]
TIM3_UPD_OVF_TRG_BRK_USART3_TX_IRQHandler
                        0x00a566    0x1  Code  Gb  stm8l15x_it.o [1]
TIM4_UPD_OVF_TRG_IRQHandler
                        0x00a56a    0x1  Code  Gb  stm8l15x_it.o [1]
TRAP_IRQHandler         0x00a553    0x1  Code  Gb  stm8l15x_it.o [1]
Timer2_Init             0x009f01   0x38  Code  Gb  tim2.o [1]
USART1_RX_TIM5_CC_IRQHandler
                        0x009db8   0x45  Code  Gb  stm8l15x_it.o [1]
USART1_TX_TIM5_UPD_OVF_TRG_BRK_IRQHandler
                        0x00a56c    0x1  Code  Gb  stm8l15x_it.o [1]
USART_ClearITPendingBit
                        0x00a514    0x5  Code  Gb  stm8l15x_usart.o [1]
USART_Cmd               0x00a0dc   0x27  Code  Gb  stm8l15x_usart.o [1]
USART_GetFlagStatus     0x00a14c   0x22  Code  Gb  stm8l15x_usart.o [1]
USART_ITConfig          0x009826   0x94  Code  Gb  stm8l15x_usart.o [1]
USART_Init              0x0094ae   0xce  Code  Gb  stm8l15x_usart.o [1]
USART_ReceiveData8      0x00a50f    0x5  Code  Gb  stm8l15x_usart.o [1]
USART_SendData8         0x00a49f    0x8  Code  Gb  stm8l15x_usart.o [1]
UartRbuf                0x0003c7   0xff  Data  Gb  Uart.o [1]
UartRlen                0x00053c    0x1  Data  Gb  Uart.o [1]
_EncodingSb_Mbtowc      0x009fa4   0x33  Code  Gb  xencoding_sb.o [4]
_EncodingSb_Wctomb      0x00a2c7   0x18  Code  Gb  xencoding_sb.o [4]
_LitobSmall             0x008df5  0x171  Code  Lc  xprintfsmall.o [4]
_LocaleEncoding         0x00a41e    0xc  Code  Gb  setlocale.o [4]
_Locale_Profile         0x000516    0xe  Data  Gb  setlocale.o [4]
_Mbtowc                 0x00a16e   0x21  Code  Gb  xmbtowc.o [4]
_PrintfSmall            0x0084d2  0x43a  Code  Gb  xprintfsmall.o [4]
_Prout                  0x00a21a   0x1b  Code  Gb  xprout.o [4]
_PutcharSmall           0x00a006   0x2f  Code  Lc  xprintfsmall.o [4]
_PutcharsSmall          0x009f6f   0x35  Code  Lc  xprintfsmall.o [4]
_PutstrSmall            0x00890c  0x1db  Code  Lc  xprintfsmall.o [4]
_Wctomb                 0x00a1fe   0x1c  Code  Gb  xwctomb.o [4]
__DebugBreak            0x00a56d    0x1  Code  Gb  __dbg_break.o [3]
__exit                  0x00a360   0x14  Code  Gb  __dbg_xxexit.o [3]
__iar_Dnorm             0x008f66         Code  Gb  float_libsup.o [4]
__iar_Dscale            0x008ff4         Code  Gb  float_libsup.o [4]
__iar_Dunscale          0x008fa2         Code  Gb  float_libsup.o [4]
__iar_Errno             0x000532    0x2  Data  Gb  errno.o [4]
__iar_Mbcurmax          0x00a4fa    0x6  Code  Gb  xmbcurmax.o [4]
__iar_Memchr            0x00a2af   0x18  Code  Gb  memchr.o [4]
__iar_Stdout            0x000010   0x28  Data  Gb  xfiles.o [4]
__iar_Strchr            0x00a323   0x15  Code  Gb  strchr.o [4]
__iar_Tls_setup__Locale_Profile
                        0x000534    0x2  Data  Gb  setlocale.o [4]
__iar_copy_init2        0x00a08c         Code  Gb  init_small.o [4]
__iar_data_init2        0x00a2f6   0x17  Code  Gb  init.o [4]
__iar_program_start     0x00a387         Code  Gb  cstartup.o [4]
__iar_unhandled_exception
                        0x00a550         Code  Gb  unhandled_exception.o [4]
__iar_zero_init2        0x00a1e0         Code  Gb  init_small.o [4]
__intvec                0x008000         Data  Gb  interrupt.o [4]
__low_level_init        0x00a54a    0x3  Code  Gb  low_level_init.o [4]
__near_Aldata           0x00052c    0x4  Data  Gb  xxmemxmalloc.o [4]
__near_GetMemChunk      0x00a24e   0x19  Code  Gb  xgetmemchunk.o [4]
__near_findmem          0x009b2d   0x5f  Code  Lc  xxmemxmalloc.o [4]
_exit                   0x00a532         Code  Gb  cexit.o [4]
_interrupt_1            0x00a553         Code  Gb  stm8l15x_it.o [1]
_interrupt_10           0x00a55a         Code  Gb  stm8l15x_it.o [1]
_interrupt_11           0x00a55b         Code  Gb  stm8l15x_it.o [1]
_interrupt_12           0x00a55c         Code  Gb  stm8l15x_it.o [1]
_interrupt_13           0x00a55d         Code  Gb  stm8l15x_it.o [1]
_interrupt_14           0x00a55e         Code  Gb  stm8l15x_it.o [1]
_interrupt_15           0x00a55f         Code  Gb  stm8l15x_it.o [1]
_interrupt_16           0x00a560         Code  Gb  stm8l15x_it.o [1]
_interrupt_17           0x00a561         Code  Gb  stm8l15x_it.o [1]
_interrupt_18           0x00a562         Code  Gb  stm8l15x_it.o [1]
_interrupt_19           0x00a563         Code  Gb  stm8l15x_it.o [1]
_interrupt_20           0x00a564         Code  Gb  stm8l15x_it.o [1]
_interrupt_21           0x009d2a         Code  Gb  stm8l15x_it.o [1]
_interrupt_22           0x00a565         Code  Gb  stm8l15x_it.o [1]
_interrupt_23           0x00a566         Code  Gb  stm8l15x_it.o [1]
_interrupt_24           0x00a567         Code  Gb  stm8l15x_it.o [1]
_interrupt_25           0x00a568         Code  Gb  stm8l15x_it.o [1]
_interrupt_26           0x00a569         Code  Gb  stm8l15x_it.o [1]
_interrupt_27           0x00a56a         Code  Gb  stm8l15x_it.o [1]
_interrupt_28           0x00a56b         Code  Gb  stm8l15x_it.o [1]
_interrupt_29           0x00a56c         Code  Gb  stm8l15x_it.o [1]
_interrupt_3            0x00a554         Code  Gb  stm8l15x_it.o [1]
_interrupt_30           0x009db8         Code  Gb  stm8l15x_it.o [1]
_interrupt_31           0x00978d         Code  Gb  stm8l15x_it.o [1]
_interrupt_4            0x00a27f         Code  Gb  stm8l15x_it.o [1]
_interrupt_5            0x00a555         Code  Gb  stm8l15x_it.o [1]
_interrupt_6            0x00a556         Code  Gb  stm8l15x_it.o [1]
_interrupt_7            0x00a557         Code  Gb  stm8l15x_it.o [1]
_interrupt_8            0x00a558         Code  Gb  stm8l15x_it.o [1]
_interrupt_9            0x00a559         Code  Gb  stm8l15x_it.o [1]
capacitySecond          0x000524    0x4  Data  Gb  main.o [1]
capacitySecondFlag      0x000530    0x2  Data  Gb  main.o [1]
capacitySeconds         0x000528    0x4  Data  Gb  main.o [1]
exit                    0x00a54d    0x3  Code  Gb  exit.o [4]
fputc                   0x00a2df   0x17  Code  Gb  Uart.o [1]
free                    0x0093d3   0xdb  Code  Gb  xxmemxfree.o [4]
main                    0x00a39a   0x12  Code  Gb  main.o [1]
malloc                  0x0098ba   0x94  Code  Gb  xxmemxmalloc.o [4]
memcpy                  0x00a103   0x25  Code  Gb  memcpy.o [4]
obuf                    0x0004c6   0x50  Data  Lc  xfiles.o [4]
pad                     0x009f39   0x36  Code  Lc  xprintfsmall.o [4]
printf                  0x00a1a1   0x20  Code  Gb  printf.o [4]
putchar                 0x00a4db    0x7  Code  Gb  putchar.o [4]
sqrt                    0x0092f0   0xe3  Code  Gb  sqrt.o [4]
strlen                  0x00a3ac   0x12  Code  Gb  strlen.o [4]
sys_clock_init          0x00a30d   0x16  Code  Gb  main.o [1]


[1] = E:\work\gitspirometer\ADC\Debug\Obj
[2] = command line
[3] = dbgstm8smd.a
[4] = dlstm8smf.a

  8 916 bytes of readonly  code memory
    666 bytes of readonly  data memory
  1 597 bytes of readwrite data memory

Errors: none
Warnings: none
